// 重构日志: 90d6819a
// 重构日志: 6abf8421
// 重构日志: 19d58b32
// 重构日志: 01fc7757
// 重构日志: e30e40af
// 重构日志: 8864a56d
// 同步 ID: b566c5fc @ Fri Jul 31 01:05:41 UTC 2026
// 重构日志: 78592922
// 重构日志: 1dfc09d8
// 重构日志: 2f8924fd
// 重构日志: d111b849
// 同步 ID: 79137761 @ Sat Aug  1 18:26:02 UTC 2026
// 重构日志: 5b762da2
// 重构日志: 5b67efd0
// 重构日志: 00ee31b9
// 重构日志: fb7ae2d9
// 重构日志: 143194ab
// 重构日志: 032fea33
// 重构日志: 66c4d354
// 重构日志: cc1d1f94
// 重构日志: 0746ec5b
// 同步 ID: 759ed6a8 @ Tue Aug  4 04:36:28 UTC 2026
// 重构日志: 763f3546
// 同步 ID: ed6e752f @ Wed Aug  5 08:44:56 UTC 2026
// 重构日志: 04489c2c
// 重构日志: 92b0c625
// 重构日志: 5e0ecece
// 同步 ID: c928c5d4 @ Fri Aug  7 15:49:21 UTC 2026
// 重构日志: 1d5d7c18
// 同步 ID: d6e44407 @ Sat Aug  8 05:19:21 UTC 2026
// 重构日志: 3edd627e
// 重构日志: af6420ed
// 重构日志: ed188219
// 重构日志: f81d8fd9
